Anjali Gurav@DESKTOP-H5343NR MINGW64 ~/Downloads/Git_Project/myproject (master)
$ git init
Reinitialized existing Git repository in C:/Users/Anjali Gurav/Downloads/Git_Project/myproject/.git/

Anjali Gurav@DESKTOP-H5343NR MINGW64 ~/Downloads/Git_Project/myproject (master)
$ ls
x.txt.txt

Anjali Gurav@DESKTOP-H5343NR MINGW64 ~/Downloads/Git_Project/myproject (master)
$ git status
On branch master

No commits yet

Untracked files:
  (use "git add <file>..." to include in what will be committed)
        x.txt.txt

nothing added to commit but untracked files present (use "git add" to track)

Anjali Gurav@DESKTOP-H5343NR MINGW64 ~/Downloads/Git_Project/myproject (master)
$ git add x.txt
fatal: pathspec 'x.txt' did not match any files

Anjali Gurav@DESKTOP-H5343NR MINGW64 ~/Downloads/Git_Project/myproject (master)
$ git add .

Anjali Gurav@DESKTOP-H5343NR MINGW64 ~/Downloads/Git_Project/myproject (master)
$ git status
On branch master

No commits yet

Changes to be committed:
  (use "git rm --cached <file>..." to unstage)
        new file:   x.txt.txt


Anjali Gurav@DESKTOP-H5343NR MINGW64 ~/Downloads/Git_Project/myproject (master)
$ git add y.txt.txt

Anjali Gurav@DESKTOP-H5343NR MINGW64 ~/Downloads/Git_Project/myproject (master)
$ git status
On branch master

No commits yet

Changes to be committed:
  (use "git rm --cached <file>..." to unstage)
        new file:   x.txt.txt
        new file:   y.txt.txt


Anjali Gurav@DESKTOP-H5343NR MINGW64 ~/Downloads/Git_Project/myproject (master)
$ git commit -m "First commit"
[master (root-commit) eaefe40] First commit
 2 files changed, 22 insertions(+)
 create mode 100644 x.txt.txt
 create mode 100644 y.txt.txt

Anjali Gurav@DESKTOP-H5343NR MINGW64 ~/Downloads/Git_Project/myproject (master)
$ git log
commit eaefe40bf40ff62313fcbb7d3b927a1e6ea85614 (HEAD -> master)
Author: Anjali0830 <anjaligurav0130@gmail.com>
Date:   Fri Feb 3 20:38:51 2023 +0530

    First commit

Anjali Gurav@DESKTOP-H5343NR MINGW64 ~/Downloads/Git_Project/myproject (master)
$ git branch demo

Anjali Gurav@DESKTOP-H5343NR MINGW64 ~/Downloads/Git_Project/myproject (master)
$ git branch
  demo
* master

Anjali Gurav@DESKTOP-H5343NR MINGW64 ~/Downloads/Git_Project/myproject (master)
$ git checkout demo
Switched to branch 'demo'

Anjali Gurav@DESKTOP-H5343NR MINGW64 ~/Downloads/Git_Project/myproject (demo)
$ git branch
* demo
  master

Anjali Gurav@DESKTOP-H5343NR MINGW64 ~/Downloads/Git_Project/myproject (demo)
$ git status
On branch demo
nothing to commit, working tree clean

Anjali Gurav@DESKTOP-H5343NR MINGW64 ~/Downloads/Git_Project/myproject (demo)
$ git add .

Anjali Gurav@DESKTOP-H5343NR MINGW64 ~/Downloads/Git_Project/myproject (demo)
$ git status
On branch demo
nothing to commit, working tree clean

Anjali Gurav@DESKTOP-H5343NR MINGW64 ~/Downloads/Git_Project/myproject (demo)
$ git add .

Anjali Gurav@DESKTOP-H5343NR MINGW64 ~/Downloads/Git_Project/myproject (demo)
$ git status
On branch demo
Changes to be committed:
  (use "git restore --staged <file>..." to unstage)
        modified:   x.txt.txt


Anjali Gurav@DESKTOP-H5343NR MINGW64 ~/Downloads/Git_Project/myproject (demo)
$ git commit -m "Second commit"
[demo 4b386fa] Second commit
 1 file changed, 6 insertions(+), 1 deletion(-)

Anjali Gurav@DESKTOP-H5343NR MINGW64 ~/Downloads/Git_Project/myproject (demo)
$ git checkout master
Switched to branch 'master'

Anjali Gurav@DESKTOP-H5343NR MINGW64 ~/Downloads/Git_Project/myproject (master)
$ git merge demo
Updating eaefe40..4b386fa
Fast-forward
 x.txt.txt | 7 ++++++-
 1 file changed, 6 insertions(+), 1 deletion(-)

Anjali Gurav@DESKTOP-H5343NR MINGW64 ~/Downloads/Git_Project/myproject (master)
$
